// Jest Snapshot v1, https://goo.gl/fbAQLP

exports[`simple loading icon 1`] = `
<i
  className="fa fa-spinner animate-spin"
/>
`;
